============================================================
C2PA Signing Fix - Validation Test
============================================================
Testing credential loading...
Traceback (most recent call last):
  File "C:\Users\<user>\workspace\IHIM\test_c2pa_fix.py", line 170, in <module>
    results.append(("Load Credentials", test_load_credentials()))
                                        ~~~~~~~~~~~~~~~~~~~~~^^
  File "C:\Users\<user>\workspace\IHIM\test_c2pa_fix.py", line 31, in test_load_credentials
    print("\u2713 Using persistent certificates")
    ~~~~~^^^^^^^^^^^^^^^^^^^^^^^^^^^^^^^^^^^
  File "C:\Python314\Lib\encodings\cp1252.py", line 19, in encode
    return codecs.charmap_encode(input,self.errors,encoding_table)[0]
           ~~~~~~~~~~~~~~~~~~~~~^^^^^^^^^^^^^^^^^^^^^^^^^^^^^^^^^^
UnicodeEncodeError: 'charmap' codec can't encode character '\u2713' in position 0: character maps to <undefined>
